dummy output
energy=    -114.381564205299
GRADX(1:0)   = [ ] AU
GRADY(1:0)   = [ ] AU
GRADZ(1:0)   = [ ] AU
