
 ************************************************************
                      PROGRAM SPECTRO 
    SPECTROSCOPIC CONSTANTS AND VIBRATIONAL PROPERTIES

             WRITTEN BY:  JEFFREY F. GAW 
                    AND  ANDREW WILLETTS 


  RUNNING IN:  CARTESIAN --> NORMAL --> INTERNAL COORD MODE
 ************************************************************

 NCART    =    1
 ISOTOP   =    0
 NBOND    =    3
 NBEND    =    2
 2*NLBEND =    0
 NOFPB    =    0
 NTORS    =    1
 NDERIV   =    4
 ISYMM    =    0
 ICURVQ   =    0
 IDEGNL   =    0
 IFREQ    =    0
 IPRNT    =    0
 NWFRQ    =    0
 NPROP    =    0
 ICORIL   =    0
 IFERM1   =    0
 IFERM2   =    0
 IROTRN   =    0
 ILSQRS   =    0
 IAVERG   =    1
 IREP     =    0
 IPARMF   =    0
 IPARMD   =    0
 IGEOM    =    0
 ITEMP    =  300
 IDARL    =    0
 MAXJ     =    3
 INORM    =    0
 <>
 ISOTOPE #            1

          --- INPUT GEOMETRY IN BOHR


  GEOMETRY ANALYSIS - 1. INITIAL GEOMETRY
                      2. MOVE TO PRINCIPAL AXES
                      3. ROTATE ATOM TO X-AXIS
                         (SYMMETRIC TOP ONLY)


****************************************
 ORIGINAL COORDINATE REPRESENTATION 
****************************************


   MOLECULAR CARTESIAN GEOMETRY (IN A)

ATOM NO.               X              Y              Z              W
    1              0.0000000      0.0000000     -0.6023969     15.9949146
    2              0.0000000      0.0000000      0.6039370     12.0000000
    3              0.0000000      0.9379367      1.1826606      1.0078250
    4              0.0000000     -0.9379367      1.1826606      1.0078250

   CENTER OF MASS COORDINATES

           CMX            CMY            CMZ
        0.0000000      0.0000000     -0.0001404

   CARTESIAN COORDINATES W.R.T. CENTER OF MASS

ATOM NO.               X              Y              Z              W
    1              0.0000000      0.0000000     -0.6022565     15.9949146
    2              0.0000000      0.0000000      0.6040774     12.0000000
    3              0.0000000      0.9379367      1.1828010      1.0078250
    4              0.0000000     -0.9379367      1.1828010      1.0078250

   INERTIA TENSOR

             1           2           3
  ------------------------------------------
   1    14.7736258
   2     0.0000000  13.0004077
   3     0.0000000   0.0000000   1.7732181

   EIGENVECTORS OF INERTIA TENSOR

              1           2           3
   ------------------------------------------
    1    0.00000000  0.00000000  1.00000000
    2    0.00000000  1.00000000  0.00000000
    3    1.00000000  0.00000000  0.00000000

   PRINCIPAL MOMENTS OF INERTIA

              IN AMU.A+2        IN G.CM+2         IN CM-1           IN MHZ
                                (*D+39)
   1          0.17732D+01       0.29445D+00       0.95068D+01       0.28501D+06
   2          0.13000D+02       0.21588D+01       0.12967D+01       0.38874D+05
   3          0.14774D+02       0.24533D+01       0.11411D+01       0.34208D+05

**************************************************
 COORDINATE SYSTEM ABOUT PRINCIPAL AXES 
**************************************************


   MOLECULAR PRINCIPAL GEOMETRY (IN A)

ATOM NO.               A              B              C              W
    1             -0.6022565      0.0000000      0.0000000     15.9949146
    2              0.6040774      0.0000000      0.0000000     12.0000000
    3              1.1828010      0.9379367      0.0000000      1.0078250
    4              1.1828010     -0.9379367      0.0000000      1.0078250

   CENTER OF MASS COORDINATES

           CMX            CMY            CMZ
        0.0000000      0.0000000      0.0000000

   INERTIA TENSOR

             1           2           3
  ------------------------------------------
   1     1.7732181
   2     0.0000000  13.0004077
   3     0.0000000   0.0000000  14.7736258

 INTERNUCLEAR DISTANCE MATRIX (IN A)

             1           2           3           4
  ------------------------------------------------------
   1     0.0000000
   2     1.2063339   0.0000000
   3     2.0164711   1.1021099   0.0000000
   4     2.0164711   1.1021099   1.8758733   0.0000000

   BOND ANGLES (CENTRAL ATOM FIRST)

   J   I   K    DEGREES     I   J   K    DEGREES    K   I   J    DEGREES   

   2   1   3    121.675     1   2   3     27.719    3   1   2     30.606
   2   1   4    121.675     1   2   4     27.719    4   1   2     30.606
   3   1   4     62.281     1   3   4     55.438    4   1   3     62.281
   3   2   4     31.675     2   3   4    116.649    4   2   3     31.675
 <>

          ------------------------------------------------------------
                             MEMORY ALLOCATION SCHEME 
          ------------------------------------------------------------

 INTEGER DEFAULT ALLOCATION
   ALLOCATION: BLOCK START-     1   FINISH-   515   TOTAL-   514

 REAL DEFAULT ALLOCATION
   ALLOCATION: BLOCK START-   515   FINISH- 56894   TOTAL- 56379

 CUBIC AND QUARTIC ALLOCATION
   ALLOCATION: BLOCK START- 56894   FINISH- 64743   TOTAL-  7849

   ALLOCATION: BLOCK START- 64743   FINISH- 66283   TOTAL-  1540

 VIBFX ALLOCATION
   ALLOCATION: BLOCK START- 66283   FINISH- 66685   TOTAL-   402

 LTENSR ALLOCATION
   ALLOCATION: BLOCK START- 66283   FINISH- 66936   TOTAL-   653

 SQHAMP ALLOCATION
   ALLOCATION: BLOCK START- 66283   FINISH- 66391   TOTAL-   108

 UMATRX ALLOCATION
   ALLOCATION: BLOCK START- 66283   FINISH- 66817   TOTAL-   534

 ZETA ALLOCATION
   ALLOCATION: BLOCK START- 66283   FINISH- 66541   TOTAL-   258

 TRNSFM ALLOCATION
   ALLOCATION: BLOCK START- 66936   FINISH- 68420   TOTAL-  1484

 FORCE3/FORCE4 ALLOCATION
   ALLOCATION: BLOCK START- 68420   FINISH- 68978   TOTAL-   558

 XCALC/XCALS ALLOCATION
   ALLOCATION: BLOCK START- 68420   FINISH- 68441   TOTAL-    21

 ROTA/ROTS ALLOCATION
   ALLOCATION: BLOCK START- 68420   FINISH- 68672   TOTAL-   252

 INTEN ALLOCATION
   ALLOCATION: BLOCK START- 68978   FINISH- 68978   TOTAL-     0

 DIPTRN ALLOCATION
   ALLOCATION: BLOCK START- 68978   FINISH- 70119   TOTAL-  1141

 ATUNIT ALLOCATION
   ALLOCATION: BLOCK START- 70119   FINISH- 76603   TOTAL-  6484

 ITERATE ALLOCATION
   ALLOCATION: BLOCK START- 76603   FINISH- 99817   TOTAL- 23214

 RAMANQ ALLOCATION
   ALLOCATION: BLOCK START- 99817   FINISH- 99817   TOTAL-     0

 INTENR ALLOCATION
   ALLOCATION: BLOCK START- 99817   FINISH- 99817   TOTAL-     0

 HRAMAN ALLOCATION
   ALLOCATION: BLOCK START- 99817   FINISH- 99817   TOTAL-     0

 3RD DERIVATIVE TRANSFORM
   ALLOCATION: BLOCK START- 99817   FINISH-106145   TOTAL-  6328

 FOURTH DERIVATIVE TRANSFORM
   ALLOCATION: BLOCK START-106145   FINISH-138023   TOTAL- 31878

 ICURVQ ALLOCATION
   ALLOCATION: BLOCK START-138023   FINISH-138501   TOTAL-   478

 LSQRS ALLOCATION
   ALLOCATION: BLOCK START-138501   FINISH-139629   TOTAL-  1128

 TMATRX ALLOCATION
   ALLOCATION: BLOCK START-139629   FINISH-139755   TOTAL-   126

 SEXTIC ALLOCATION
   ALLOCATION: BLOCK START-139755   FINISH-139953   TOTAL-   198

 WCALS ALLOCATION
   ALLOCATION: BLOCK START-139953   FINISH-139989   TOTAL-    36


   INTEGER MEMORY REQUIRED -     515 Word   ALLOCATED - 3500000 Word


   REAL MEMORY REQUIRED    -  139475 Word   ALLOCATED -******** Word

  *** FILE           15  IS IN SPECTRO 1.x FORMAT ***


   THE NORMAL COORDINATE ANALYSIS BY FX MATRIX METHOD



   SECULAR EQUATIONS
   FXM MATRIX

             1           2           3           4           5           6           7           8           9          10
  ------------------------------------------------------------------------------------------------------------------------------
   1    32.5445943
   2  -555.2401644-935.7642969
   3     0.0000000   0.0000000   0.1056242
   4    -0.8501466   0.0000000   0.0000364 115.0066007
   5  1446.4579000  -0.1175398   0.0000000-834.9837501 740.8571788
   6  -838.1129107************   0.0000000   0.00000002494.7600310   0.2185727
   7    -0.1603252  -0.1426780   0.0000000  -0.4423845  -0.3766287   0.0000000   2.0243441
   8    -0.0588815   0.0620398   0.0000000  -0.3671750  -1.0982645   0.0000000   1.6847632   3.8201512
   9   126.3971800-340.0324958   0.0000000************3338.8808623  -0.25481559438.5089881************   0.2973746
  10    -0.1603252   0.1426780   0.0000000  -0.4423845   0.3766287   0.0000000   0.1408636  -0.1832201   0.0000000   2.0243441
  11     0.0588815   0.0620398   0.0000000   0.3671750  -1.0982645   0.0000000   0.1832201  -0.2775978   0.0000000  -1.6847632
  12     0.0000000   0.0000000   0.0000000   0.0000000   0.0000000  -0.2548155   0.0000000   0.0000000   0.2970014   0.0000000


            11          12
  ------------------------------
  11     3.8201512
  12     0.0000000   0.2972541


   *****************************
   ***VIBRATIONAL FREQUENCIES***
   *****************************
 TOO MANY NEGATIVE FREQUENCIES
 TOO MANY NEGATIVE FREQUENCIES

 IMAGINARY FREQUENCY FOUND - TRANSITION STATE



   LXM MATRIX

             1           2           3           4           5           6           7           8           9          10
          ********    72778.58    36208.71    14587.38     2863.75    ********     1310.73      710.25      423.40    36921.86
  ------------------------------------------------------------------------------------------------------------------------------
   1    -0.0234058  -0.2088925   0.8191824  -0.2975014  -0.0012921   0.0115378   0.0006040  -0.0000764   0.0000001   0.1004505
   2     0.0184058   0.1786861   0.0648081   0.2840972   0.0013311   0.0204534  -0.0004180  -0.0000940  -0.0000001  -0.8668968
   3     0.0000000   0.0000000  -0.0000000  -0.0000003  -0.0000000  -0.0000000   0.0000001   0.0000000  -1.0000000   0.0000000
   4     0.1503100   0.1515123  -0.1628928  -0.8848280  -0.0049105   0.1305888   0.0012612   0.0002600   0.0000002  -0.3260178
   5    -0.1862382  -0.7172496   0.1416369   0.0167904   0.0001415  -0.1534512   0.0000219   0.0000357  -0.0000000  -0.3593129
   6    -0.0317227  -0.5791770  -0.5221559  -0.1256127  -0.0005006   0.0285697   0.0002020   0.0001207   0.0000000   0.0547170
   7    -0.4537542   0.1508661  -0.0504761  -0.1169574  -0.0794181  -0.4600893   0.0100478   0.0000487   0.0000001  -0.0028583
   8     0.4888363  -0.1622954   0.0541613   0.1345155  -0.0723529   0.4955033   0.0089995   0.0000147  -0.0000000   0.0019933
   9    -0.7042553   0.0498573  -0.0041170  -0.0015941  -0.0000199   0.7076906  -0.0000254  -0.0000000  -0.0000000   0.0002025
  10    -0.0000194  -0.0000730  -0.0000173   0.0036524  -0.5103184   0.0000186   0.8573793   0.0000806   0.0000001   0.0001629
  11     0.0000028   0.0002935  -0.0002438  -0.0033577   0.8532322   0.0000002   0.5145062   0.0000242  -0.0000000  -0.0002797
  12    -0.0000137   0.0000520   0.0001707   0.0002521   0.0000268  -0.0000140  -0.0000825   0.9999999   0.0000000   0.0000173


            11          12
          75881.96     2772.58
  ------------------------------
   1    -0.4313007   0.0018675
   2    -0.3617821  -0.0021250
   3    -0.0000000   0.0000000
   4     0.1470064   0.0043147
   5     0.5271359  -0.0002915
   6    -0.6093532   0.0008055
   7    -0.0732056   0.7291516
   8     0.0790360   0.6757080
   9     0.0263300   0.0000724
  10    -0.0000371  -0.0668016
  11     0.0001790   0.0852454
  12    -0.0000481  -0.0000434


   LX MATRIX

             1           2           3           4           5           6           7           8           9          10
          ********    72778.58    36208.71    14587.38     2863.75    ********     1310.73      710.25      423.40    36921.86
  ------------------------------------------------------------------------------------------------------------------------------
   1    -0.0058524  -0.0522314   0.2048281  -0.0743872  -0.0003231   0.0028849   0.0001510  -0.0000191   0.0000000   0.0251166
   2     0.0046022   0.0446786   0.0162046   0.0710356   0.0003328   0.0051142  -0.0001045  -0.0000235  -0.0000000  -0.2167587
   3     0.0000000   0.0000000  -0.0000000  -0.0000001  -0.0000000  -0.0000000   0.0000000   0.0000000  -0.2500397   0.0000000
   4     0.0433908   0.0437378  -0.0470231  -0.2554278  -0.0014175   0.0376978   0.0003641   0.0000751   0.0000001  -0.0941132
   5    -0.0537623  -0.2070521   0.0408871   0.0048470   0.0000408  -0.0442975   0.0000063   0.0000103  -0.0000000  -0.1037247
   6    -0.0091575  -0.1671940  -0.1507334  -0.0362613  -0.0001445   0.0082474   0.0000583   0.0000349   0.0000000   0.0157955
   7    -0.4519892   0.1502793  -0.0502798  -0.1165024  -0.0791092  -0.4582997   0.0100087   0.0000486   0.0000001  -0.0028472
   8     0.4869349  -0.1616641   0.0539507   0.1339922  -0.0720715   0.4935759   0.0089645   0.0000146  -0.0000000   0.0019856
   9    -0.7015159   0.0496633  -0.0041010  -0.0015879  -0.0000198   0.7049379  -0.0000253  -0.0000000  -0.0000000   0.0002017
  10    -0.0000193  -0.0000727  -0.0000172   0.0036382  -0.5083334   0.0000185   0.8540444   0.0000803   0.0000001   0.0001623
  11     0.0000028   0.0002924  -0.0002428  -0.0033446   0.8499133   0.0000002   0.5125049   0.0000241  -0.0000000  -0.0002786
  12    -0.0000137   0.0000518   0.0001701   0.0002511   0.0000267  -0.0000139  -0.0000822   0.9961102   0.0000000   0.0000172


            11          12
          75881.96     2772.58
  ------------------------------
   1    -0.1078423   0.0004670
   2    -0.0904599  -0.0005313
   3    -0.0000000   0.0000000
   4     0.0424371   0.0012456
   5     0.1521710  -0.0000842
   6    -0.1759051   0.0002325
   7    -0.0729209   0.7263155
   8     0.0787285   0.6730797
   9     0.0262276   0.0000721
  10    -0.0000370  -0.0665417
  11     0.0001783   0.0849138
  12    -0.0000479  -0.0000432

 ******************************** 
 CURVILINEAR INTERNAL COORDINATES 
 ******************************** 

 INT COORD NO.    DESCRIPTION           VALUE      ATOMS 

     ( 1)        BOND                        1.20633       1(O )     2(C )
     ( 2)        BOND                        1.10211       2(C )     3(H )
     ( 3)        BOND                        1.10211       2(C )     4(H )
     ( 4)        ANGLE                     121.67532       2(C )     1(O )     3(H )
     ( 5)        ANGLE                     121.67532       2(C )     1(O )     4(H )
     ( 6)        TORSION                   180.00000       1(O )     2(C )     3(H )     4(H )
 I OPTDL            1  0.56820654978642604     
 I OPTDL            2 -0.40980386588362094     
 I OPTDL            3  0.12863816952279933     
 I OPTDL            4  -6.0193385693815493E-002
 I OPTDL            5 -0.20148966582443190     
 I OPTDL            6   7.0106968244515025E-002
 I OPTDL            7  -4.3173824978735120E-002
 I OPTDL            8   2.0434677402949929E-002
 I OPTDL            9  -2.2030123319252370E-002
 I OPTDL           10  -1.0926241146085132E-003
 I OPTDL           11 -0.16629282465853346     
 I OPTDL           12   2.9005555161242171E-002
 I OPTDL           13  -1.3691014653433791E-002
 I OPTDL           14   1.7845867803797873E-002
 I OPTDL           15  -1.3062442111572683E-003
 I OPTDL           16   1.0394447212617512E-002
 I OPTDL           17  -9.5413086586243305E-003
 I OPTDL           18   7.6777374600218136E-003
 I OPTDL           19   1.0220424527911538E-002
 I OPTDL           20   5.5182252042635044E-003
 I OPTDL           21  -6.3878590463160856E-003
 I OPTDL           22   3.4588836261005951E-002
 I OPTDL           23  -6.9043672136607295E-003
 I OPTDL           24   1.5743349198493323E-003
 I OPTDL           25  -4.6029064816952665E-003
 I OPTDL           26  -6.7675739318311945E-003
 I OPTDL           27  -1.5372225341411243E-002
 I OPTDL           28   4.8271145338286432E-003
 I OPTDL           29   2.5733373388844363E-003
 I OPTDL           30   1.5966183520168820E-003
 I OPTDL           31  0.16352387960310164     
 I OPTDL           32  -4.8983226712316315E-002
 I OPTDL           33  -3.2609913960392957E-002
 I OPTDL           34  -7.6540970900126678E-003
 I OPTDL           35  -6.6304314188850332E-005
 I OPTDL           36 -0.46462957289702933     
 I OPTDL           37  0.15265612326758493     
 I OPTDL           38  -3.7746043668982640E-002
 I OPTDL           39  0.10338473967907330     
 I OPTDL           40  -6.3206200804695634E-002
 I OPTDL           41  -6.3163678681160906E-002
 I OPTDL           42   2.5257368922545501E-002
 I OPTDL           43   7.7581210028768131E-003
 I OPTDL           44  -4.6329244564373723E-003
 I OPTDL           45   1.8253315324953712E-002
 I OPTDL           46  -1.1780442470790339E-003
 I OPTDL           47  -1.2637642319329522E-002
 I OPTDL           48   1.7703125119906023E-002
 I OPTDL           49   2.0128491622247054E-002
 I OPTDL           50 -0.16450251858547787     
 I OPTDL           51  0.47068017061016626     
 I OPTDL           52 -0.14541742354115650     
 I OPTDL           53 -0.22398179617490105     
 I OPTDL           54   6.4442821669824568E-002
 I OPTDL           55   8.8183663206151744E-003
 I OPTDL           56 -0.59203456140718691     

 FIRST DERIVATIVE OF THE L TENSOR :
 ROWS ARE INT COORDS AND COLUMNS ARE NORMAL COORDS

              1           2           3           4           5           6
   ------------------------------------------------------------------------------
    1    0.04924314  0.09596925 -0.25185125 -0.18104067 -0.00109446  0.03481284
    2    0.20002696  0.09457240  0.00940751  0.18285789 -0.10216660  0.19729959
    3   -0.06855096 -0.19946308  0.05968609  0.14300824 -0.98945738 -0.05748462
    4   -0.68852641 -0.14802933  0.01172175 -0.00912274 -0.02587647 -0.68023627
    5    0.04047756  0.27363439 -0.00375979  0.25101266  0.01373262  0.03297061
    6    0.68467716 -0.55279653 -0.44888020 -0.10758802 -0.00044119 -0.69085770

******************************************
 MEAN SQUARE HARMONIC AMPLITUDES AT 30 K
******************************************


 MATRIX OF MEAN SQUARE AMPLITUDES BETWEEN INTERNAL
 COORDINATES: BONDS IN A, ANGLES IN RADS 

              1           2           3           4           5           6
   ------------------------------------------------------------------------------
    1           NaN         NaN         NaN         NaN         NaN         NaN
    2           NaN         NaN         NaN         NaN         NaN         NaN
    3           NaN         NaN         NaN         NaN         NaN         NaN
    4           NaN         NaN         NaN         NaN         NaN         NaN
    5           NaN         NaN         NaN         NaN         NaN         NaN
    6           NaN         NaN         NaN         NaN         NaN         NaN

******************************************
 MEAN SQUARE HARMONIC AMPLITUDES AT 300 K
******************************************


 MATRIX OF MEAN SQUARE AMPLITUDES BETWEEN INTERNAL
 COORDINATES: BONDS IN A, ANGLES IN RADS 

              1           2           3           4           5           6
   ------------------------------------------------------------------------------
    1    0.00006994 -0.00003481 -0.00003555 -0.00000876 -0.00004574  0.00006388
    2   -0.00003481  0.00011066  0.00061850 -0.00001869  0.00005233 -0.00003654
    3   -0.00003555  0.00061850  0.00579847  0.00016562 -0.00005175 -0.00000290
    4   -0.00000876 -0.00001869  0.00016562  0.00010955 -0.00001953  0.00001778
    5   -0.00004574  0.00005233 -0.00005175 -0.00001953  0.00009157 -0.00006498
    6    0.00006388 -0.00003654 -0.00000290  0.00001778 -0.00006498  0.00027934

 ZETA MATRIX FOR COORDINATE DIRECTION :   1

              1           2           3           4           5           6
   ------------------------------------------------------------------------------
    1    0.00000000 -0.00481353  0.13786930  0.11788044 -0.05085523  0.68471702
    2    0.00481353  0.00000000  0.45451685  0.09337259  0.00400713 -0.24892635
    3   -0.13786930 -0.45451685  0.00000000 -0.00855625 -0.00044167 -0.03570945
    4   -0.11788044 -0.09337259  0.00855625  0.00000000 -0.00032386  0.07718952
    5    0.05085523 -0.00400713  0.00044167  0.00032386  0.00000000 -0.05127834
    6   -0.68471702  0.24892635  0.03570945 -0.07718952  0.05127834  0.00000000

 ZETA MATRIX FOR COORDINATE DIRECTION :   2

              1           2           3           4           5           6
   ------------------------------------------------------------------------------
    1    0.00000000 -0.00137559  0.11733261  0.12859442  0.05615964  0.63670091
    2    0.00137559  0.00000000  0.17156130  0.52591334 -0.00106323 -0.20966805
    3   -0.11733261 -0.17156130  0.00000000  0.44195862  0.00272138 -0.02591826
    4   -0.12859442 -0.52591334 -0.44195862  0.00000000  0.00016938  0.09237875
    5   -0.05615964  0.00106323 -0.00272138 -0.00016938  0.00000000  0.05628040
    6   -0.63670091  0.20966805  0.02591826 -0.09237875 -0.05628040  0.00000000

 ZETA MATRIX FOR COORDINATE DIRECTION :   3

              1           2           3           4           5           6
   ------------------------------------------------------------------------------
    1    0.00000000 -0.08003655 -0.02554336 -0.16730264  0.07073717  0.00063596
    2    0.08003655  0.00000000 -0.25531041 -0.63697366 -0.02726509  0.06416515
    3    0.02554336  0.25531041  0.00000000  0.37414292  0.00966096  0.02241521
    4    0.16730264  0.63697366 -0.37414292  0.00000000  0.02047640  0.12815890
    5   -0.07073717  0.02726509 -0.00966096 -0.02047640  0.00000000 -0.07196348
    6   -0.00063596 -0.06416515 -0.02241521 -0.12815890  0.07196348  0.00000000

 THE WILSON A MATRIX IN AMU 1/2 A 
 (ROWS ARE VIB DEG OF FREEDOM, AND COLS COORD PRODUCTS),

              1           2           3           4           5           6
   ------------------------------------------------------------------------------
    1    0.92057059 -0.29280975 -0.33581381  1.80529050  1.32622654  0.58475678
    2   -0.30618721  4.24732295  1.99850935  2.30542817 -0.09379310  1.69232214
    3    0.10245556 -0.40862128 -4.74788407  2.19468339  0.00807469 -4.64542851
    4    0.25964246  0.98682854 -2.53908825  0.52889628  0.00347673 -2.27944579
    5   -1.74306036 -1.84864256 -1.41485639  0.00207841  0.00008796 -3.15791675
    6    0.93313053 -0.43599181 -0.60163827 -1.80018740 -1.33274811  0.33149226

 THE INVERSE L MATRIX

              1           2           3           4           5           6
   ------------------------------------------------------------------------------
    1   -1.52671885 -6.54228101  0.79289897 -2.61568986  3.42997298  0.72787369
    2   -0.30143415-10.83948083  1.29064974 -2.91731389  6.82911196 -0.01981408
    3   -4.39736691-12.44466248  1.45652788 -3.75157101  4.94208787  0.03294272
    4    0.31492288 11.40233392 -1.30821896  3.27632926 -3.23058032  0.00094005
    5   -0.14246002  3.04199042 -1.36954704  0.91959615 -1.50586170 -0.00179475
    6    1.53634253  8.49776001 -0.98868478  1.66877250 -4.77211803 -0.73180923

 THE WILSON J MATRIX 
 DERIVATIVE OF THE MOMENT OF INERITA WITH RESPECT TO INT/SYMM COORDS
 (ROWS ARE INTERNAL/SYMMETRY COORD AND COLS COORD PRODUCTS),

              1           2           3           4           5           6
   ------------------------------------------------------------------------------
    1    0.00000000  0.86790748 19.26608363-15.70137297 -4.07848521 19.26608363
    2    1.60893043-37.11433633  1.25191003-73.37304232-19.04582807  2.86084046
    3    1.60893043  6.32634306  1.25191003  8.68859006  2.25526959  2.86084046
    4   -1.09410711 -9.28630351  2.23614691-20.95060187 -5.43824775  1.14203981
    5   -1.09410711 27.65804769  2.23614691 39.66137795 10.29697038  1.14203981
    6    0.00000000  0.01256194 -0.00000000  2.65852957  1.94277030 -0.00000000

                 ************* ERROR IN SUM RULES *************
                           SEE ERROR FILE FOR DETAILS

 QUARTIC CENTRIFUGAL DISTORTION CONSTANTS TAU PRIME 

                       CM -1                    MHz


 TAUP aaaa         -0.0007190197           -21.5556684180
 TAUP bbbb         -0.0000001962            -0.0058810954
 TAUP cccc         -0.0000005059            -0.0151672958

 TAUP aabb         -0.0000413606            -1.2399581435
 TAUP aacc         -0.0000190053            -0.5697637425
 TAUP bbcc         -0.0000003064            -0.0091864110

 REPRESENTATION =     1
 WHERE :   1 =   I r
           2 =  II r 
           3 = III r 
           4 =   I l 
           5 =  II l 
           6 = III l 

 lifnei

 ASYMMETRIC TOP REDUCTION 
  ASYMMETRIC TOP PARAMETER KAPPA :  -0.9627916536
  ASYMMETRIC TOP PARAMETER SIGMA :      106.5027619008


 CONSTANTS IN THE A REDUCED HAMILTONIAN 

                   CM-1               MHz
  DELTA J  :   0.0000000878        0.0026310489
  DELTA K  :   0.0001647624        4.9394521281
  DELTA JK :   0.0000149048        0.4468339275
  delta J  :  -0.0000000194       -0.0005803875
  delta K  :   0.0000034078        0.1021644071


 EFFECTIVE ROTATIONAL CONSTANTS (INCLUDES DISTORTION
 DUE TO THE QUARTIC CENTRIFUGAL DISTORTION CONSTANTS)
           B e IN CM-1            B(A) IN  CM-1            B(A) IN  MHz
 x         1.2967001360            1.2967013353              38874.12806
 y         1.1410625019            1.1410613249              34208.15793
 z         9.5068002645            9.5068002422             285006.70123


 NIELSEN CENTRIFUGAL DISTORTION CONSTANTS 
           CM-1                MHz
 DJ    0.0000000850        0.0025474374
 DJK   0.0000149215        0.4473355968
 DK    0.0001647484        4.9390340704
 dJ   -0.0000000194       -0.0005803875
 R5   -0.0000014069       -0.0421773438
 R6   -0.0000000014       -0.0000418058

 CONSTANTS IN THE S REDUCED HAMILTONIAN 

               CM-1                 MHz
  D J  :   0.0000000718        0.0021514162
  D JK :   0.0000150008        0.4497117235
  D K  :   0.0001646824        4.9370539647
  d 1  :   0.0000000194        0.0005803875
  d 2  :  -0.0000000080       -0.0002398163


 EFFECTIVE ROTATIONAL CONSTANTS (INCLUDES DISTORTION
 DUE TO THE QUARTIC CENTRIFUGAL DISTORTION CONSTANTS)
           B e IN CM-1            B(S) IN  CM-1            B(S) IN  MHz
 x         1.2967001360            1.2966944876              38873.92277
 y         1.1410625019            1.1410681086              34208.36130
 z         9.5068002645            9.5068003222             285006.70363


 WILSON CENTRIFUGAL DISTORTION CONSTANTS 
           CM-1                MHz
 DJ    0.0000001265        0.0037918240
 DJK  -0.0000000998       -0.0029904424
 DK    0.0000000223        0.0006688923

 NIELSEN CENTRIFUGAL DISTORTION CONSTANTS 
           CM-1                MHz
 DJ    0.0000000850        0.0025474374
 DJK   0.0000149215        0.4473355968
 DK    0.0001647484        4.9390340704
 dJ   -0.0000000194       -0.0005803875
 R5   -0.0000014069       -0.0421773438
 R6   -0.0000000014       -0.0000418058

 TEST OF QUARTIC PLANARITY RELATIONS 
  A REDUCTION   I r

 4C*DELJ - (B-C)*DELJK - 2*(2A+B+C)*SDELJ + 2*(B-C)*SDELK = 0
 VALUE =        -0.0000000278

 TEST OF QUARTIC PLANARITY RELATIONS 
  S REDUCTION   I r

 4C*DJ - (B-C)*DJK + 2*(2A+B+C)*D1 - 4*(4A+B-3C)*D2 = 0
 VALUE =        -0.0000000278
  *** FILE           30  IS IN SPECTRO 1.x FORMAT ***


   *************************************************
   ***THIRD DERIVATIVES W.R.T. NORMAL COORDINATES***
   *************************************************


   F3(QI*QJ*QK) MATRIX (IN CM-1), IVIB =     1

             1           2           3           4           5           6
  ------------------------------------------------------------------------------
   1    317696.212   42373.814   77366.971   69109.622  -58036.324  604504.219
   2     42373.814  -17104.858  -16915.547  -25045.301   24216.070  -31217.578
   3     77366.971  -16915.547  -17636.088  -10534.338   -4918.185   21852.336
   4     69109.622  -25045.301  -10534.338  -56849.069   51969.182   60969.791
   5    -58036.324   24216.070   -4918.185   51969.182  -65799.175  -73962.111
   6    604504.219  -31217.578   21852.336   60969.791  -73962.111  603043.198


   F3(QI*QJ*QK) MATRIX (IN CM-1), IVIB =     2

             1           2           3           4           5           6
  ------------------------------------------------------------------------------
   1     42373.814  -17104.858  -16915.547  -25045.301   24216.070  -31217.578
   2    -17104.858    9173.845  -11795.619  -15627.784   -6068.540  -13929.800
   3    -16915.547  -11795.619  -15777.327  -45130.031     416.898  -16952.203
   4    -25045.301  -15627.784  -45130.031  -91267.115     439.699  -27397.202
   5     24216.070   -6068.540     416.898     439.699   -4276.903   25954.253
   6    -31217.578  -13929.800  -16952.203  -27397.202   25954.253  -88327.285


   F3(QI*QJ*QK) MATRIX (IN CM-1), IVIB =     3

             1           2           3           4           5           6
  ------------------------------------------------------------------------------
   1     77366.971  -16915.547  -17636.088  -10534.338   -4918.185   21852.336
   2    -16915.547  -11795.619  -15777.327  -45130.031     416.898  -16952.203
   3    -17636.088  -15777.327   16769.821  -10720.165    1533.990  -17590.884
   4    -10534.338  -45130.031  -10720.165  -75464.806    4446.134  -10488.771
   5     -4918.185     416.898    1533.990    4446.134    -212.856   -4994.201
   6     21852.336  -16952.203  -17590.884  -10488.771   -4994.201  -47678.042


   F3(QI*QJ*QK) MATRIX (IN CM-1), IVIB =     4

             1           2           3           4           5           6
  ------------------------------------------------------------------------------
   1     69109.622  -25045.301  -10534.338  -56849.069   51969.182   60969.791
   2    -25045.301  -15627.784  -45130.031  -91267.115     439.699  -27397.202
   3    -10534.338  -45130.031  -10720.165  -75464.806    4446.134  -10488.771
   4    -56849.069  -91267.115  -75464.806 -199676.048   18412.033  -56830.633
   5     51969.182     439.699    4446.134   18412.033  -17282.106   51863.699
   6     60969.791  -27397.202  -10488.771  -56830.633   51863.699   22787.884


   F3(QI*QJ*QK) MATRIX (IN CM-1), IVIB =     5

             1           2           3           4           5           6
  ------------------------------------------------------------------------------
   1    -58036.324   24216.070   -4918.185   51969.182  -65799.175  -73962.111
   2     24216.070   -6068.540     416.898     439.699   -4276.903   25954.253
   3     -4918.185     416.898    1533.990    4446.134    -212.856   -4994.201
   4     51969.182     439.699    4446.134   18412.033  -17282.106   51863.699
   5    -65799.175   -4276.903    -212.856  -17282.106   22235.869  -65585.666
   6    -73962.111   25954.253   -4994.201   51863.699  -65585.666  -59130.762


   F3(QI*QJ*QK) MATRIX (IN CM-1), IVIB =     6

             1           2           3           4           5           6
  ------------------------------------------------------------------------------
   1    604504.219  -31217.578   21852.336   60969.791  -73962.111  603043.198
   2    -31217.578  -13929.800  -16952.203  -27397.202   25954.253  -88327.285
   3     21852.336  -16952.203  -17590.884  -10488.771   -4994.201  -47678.042
   4     60969.791  -27397.202  -10488.771  -56830.633   51863.699   22787.884
   5    -73962.111   25954.253   -4994.201   51863.699  -65585.666  -59130.762
   6    603043.198  -88327.285  -47678.042   22787.884  -59130.762  313330.345


   THE FOURTH ORDER ANHARMONICITY ANALYSIS

  *** FILE           40  IS IN SPECTRO 1.x FORMAT ***
