dummy output
energy=     -76.369781818090
GRADX(1:0)   = [ ] AU
GRADY(1:0)   = [ ] AU
GRADZ(1:0)   = [ ] AU
