dummy output
energy=     -76.369743428101
GRADX(1:0)   = [ ] AU
GRADY(1:0)   = [ ] AU
GRADZ(1:0)   = [ ] AU
